21:58:30 **** Clean-only build of configuration Debug for project CMSISv2p00_LPC17xx ****
make -r clean 
rm -rf  ./src/core_cm3.o ./src/system_LPC17xx.o  ./src/core_cm3.d ./src/system_LPC17xx.d  libCMSISv2p00_LPC17xx.a
 
21:58:34 **** Clean-only build of configuration Debug for project CMSISv2p00_LPC17xx ****
make -r clean 
rm -rf  ./src/core_cm3.o ./src/system_LPC17xx.o  ./src/core_cm3.d ./src/system_LPC17xx.d  libCMSISv2p00_LPC17xx.a
 
21:58:35 **** Build of configuration Debug for project CMSISv2p00_LPC17xx ****
make -r all 
Building file: ../src/core_cm3.c
Invoking: MCU C Compiler
arm-none-eabi-gcc -D__REDLIB__ -DDEBUG -D__CODE_RED -I../inc -O0 -Os -g3 -Wall -c -fmessage-length=0 -fno-builtin -ffunction-sections -fdata-sections -mcpu=cortex-m3 -mthumb -D__REDLIB__ -fstack-usage -specs=redlib.specs -MMD -MP -MF"src/core_cm3.d" -MT"src/core_cm3.o" -MT"src/core_cm3.d" -o "src/core_cm3.o" "../src/core_cm3.c"
Finished building: ../src/core_cm3.c
 
Building file: ../src/system_LPC17xx.c
Invoking: MCU C Compiler
arm-none-eabi-gcc -D__REDLIB__ -DDEBUG -D__CODE_RED -I../inc -O0 -Os -g3 -Wall -c -fmessage-length=0 -fno-builtin -ffunction-sections -fdata-sections -mcpu=cortex-m3 -mthumb -D__REDLIB__ -fstack-usage -specs=redlib.specs -MMD -MP -MF"src/system_LPC17xx.d" -MT"src/system_LPC17xx.o" -MT"src/system_LPC17xx.d" -o "src/system_LPC17xx.o" "../src/system_LPC17xx.c"
Finished building: ../src/system_LPC17xx.c
 
Building target: libCMSISv2p00_LPC17xx.a
Invoking: MCU Archiver
arm-none-eabi-ar -r  "libCMSISv2p00_LPC17xx.a"  ./src/core_cm3.o ./src/system_LPC17xx.o   
arm-none-eabi-ar: creating libCMSISv2p00_LPC17xx.a
Finished building target: libCMSISv2p00_LPC17xx.a
 
make --no-print-directory post-build
Performing post-build steps
arm-none-eabi-size libCMSISv2p00_LPC17xx.a ; # arm-none-eabi-objdump -h -S libCMSISv2p00_LPC17xx.a >libCMSISv2p00_LPC17xx.lss
   text	   data	    bss	    dec	    hex	filename
      0	      0	      0	      0	      0	core_cm3.o (ex libCMSISv2p00_LPC17xx.a)
    456	      4	      0	    460	    1cc	system_LPC17xx.o (ex libCMSISv2p00_LPC17xx.a)
 
21:58:38 **** Build of configuration Debug for project Projeto ****
make -r -j8 all 
Building file: ../src/cr_startup_lpc175x_6x.c
Building file: ../src/crp.c
Building file: ../src/Projeto.c
Invoking: MCU C Compiler
Invoking: MCU C Compiler
Invoking: MCU C Compiler
arm-none-eabi-gcc -DDEBUG -D__CODE_RED -DCORE_M3 -D__USE_CMSIS=CMSISv2p00_LPC17xx -D__LPC17XX__ -D__REDLIB__ -I"C:\Repository\ec020-exercicios-cap4-parte2\workspace\CMSISv2p00_LPC17xx\inc" -I"C:\Repository\ec020-exercicios-cap4-parte2\workspace\Lib_EaBaseBoard\inc" -I"C:\Repository\ec020-exercicios-cap4-parte2\workspace\Lib_MCU\inc" -O0 -fno-common -g3 -Wall -c -fmessage-length=0 -fno-builtin -ffunction-sections -fdata-sections -mcpu=cortex-m3 -mthumb -fstack-usage -specs=redlib.specs -MMD -MP -MF"src/cr_startup_lpc175x_6x.d" -MT"src/cr_startup_lpc175x_6x.o" -MT"src/cr_startup_lpc175x_6x.d" -o "src/cr_startup_lpc175x_6x.o" "../src/cr_startup_lpc175x_6x.c"
arm-none-eabi-gcc -DDEBUG -D__CODE_RED -DCORE_M3 -D__USE_CMSIS=CMSISv2p00_LPC17xx -D__LPC17XX__ -D__REDLIB__ -I"C:\Repository\ec020-exercicios-cap4-parte2\workspace\CMSISv2p00_LPC17xx\inc" -I"C:\Repository\ec020-exercicios-cap4-parte2\workspace\Lib_EaBaseBoard\inc" -I"C:\Repository\ec020-exercicios-cap4-parte2\workspace\Lib_MCU\inc" -O0 -fno-common -g3 -Wall -c -fmessage-length=0 -fno-builtin -ffunction-sections -fdata-sections -mcpu=cortex-m3 -mthumb -fstack-usage -specs=redlib.specs -MMD -MP -MF"src/Projeto.d" -MT"src/Projeto.o" -MT"src/Projeto.d" -o "src/Projeto.o" "../src/Projeto.c"
arm-none-eabi-gcc -DDEBUG -D__CODE_RED -DCORE_M3 -D__USE_CMSIS=CMSISv2p00_LPC17xx -D__LPC17XX__ -D__REDLIB__ -I"C:\Repository\ec020-exercicios-cap4-parte2\workspace\CMSISv2p00_LPC17xx\inc" -I"C:\Repository\ec020-exercicios-cap4-parte2\workspace\Lib_EaBaseBoard\inc" -I"C:\Repository\ec020-exercicios-cap4-parte2\workspace\Lib_MCU\inc" -O0 -fno-common -g3 -Wall -c -fmessage-length=0 -fno-builtin -ffunction-sections -fdata-sections -mcpu=cortex-m3 -mthumb -fstack-usage -specs=redlib.specs -MMD -MP -MF"src/crp.d" -MT"src/crp.o" -MT"src/crp.d" -o "src/crp.o" "../src/crp.c"
Finished building: ../src/cr_startup_lpc175x_6x.c
Finished building: ../src/crp.c
Finished building: ../src/Projeto.c
 
 
 
Building target: Projeto.axf
Invoking: MCU Linker
arm-none-eabi-gcc -nostdlib -L"C:\Repository\ec020-exercicios-cap4-parte2\workspace\CMSISv2p00_LPC17xx\Debug" -L"C:\Repository\ec020-exercicios-cap4-parte2\workspace\Lib_EaBaseBoard\Debug" -L"C:\Repository\ec020-exercicios-cap4-parte2\workspace\Lib_MCU\Debug" -Xlinker -Map="Projeto.map" -Xlinker --cref -Xlinker --gc-sections -Xlinker -print-memory-usage -mcpu=cortex-m3 -mthumb -T "Projeto_Debug.ld" -o "Projeto.axf"  ./src/Projeto.o ./src/cr_startup_lpc175x_6x.o ./src/crp.o   -lCMSISv2p00_LPC17xx -lLib_EaBaseBoard -lLib_MCU
Memory region         Used Size  Region Size  %age Used
       MFlash512:        1012 B       512 KB      0.19%
        RamLoc32:           4 B        32 KB      0.01%
        RamAHB32:          0 GB        32 KB      0.00%
Finished building target: Projeto.axf
 
make --no-print-directory post-build
Performing post-build steps
arm-none-eabi-size "Projeto.axf"; # arm-none-eabi-objcopy -v -O binary "Projeto.axf" "Projeto.bin" ; # checksum -p LPC1769 -d "Projeto.bin";
   text	   data	    bss	    dec	    hex	filename
   1012	      0	      4	   1016	    3f8	Projeto.axf
 
21:58:48 **** Clean-only build of configuration Debug for project CMSISv2p00_LPC17xx ****
make -r clean 
rm -rf  ./src/core_cm3.o ./src/system_LPC17xx.o  ./src/core_cm3.d ./src/system_LPC17xx.d  libCMSISv2p00_LPC17xx.a
 
21:58:48 **** Clean-only build of configuration Debug for project Projeto ****
make -r -j8 clean 
rm -rf  ./src/Projeto.o ./src/cr_startup_lpc175x_6x.o ./src/crp.o  ./src/Projeto.d ./src/cr_startup_lpc175x_6x.d ./src/crp.d  Projeto.axf
 
